[dotenv@17.2.3] injecting env (55) from .env -- tip: ΓÜÖ∩╕Å  specify custom .env file path with { path: '/custom/path/.env' }
Fetching PRODUCT_GMV_MAX for 2025-12-25...
Found 34 records.
Total Cost: 5133.219999999999
Total GMV: 19763.91
Total Orders: 264
-----------------------------------
Fetching LIVE_GMV_MAX for 2025-12-25...
Found 34 records.
Total Cost: 5133.219999999999
Total GMV: 19763.91
Total Orders: 264
-----------------------------------
